// Jest Snapshot v1, https://goo.gl/fbAQLP

exports[`App render  1`] = `
<Fragment>
  <div>
    App
  </div>
</Fragment>
`;
