// Jest Snapshot v1, https://goo.gl/fbAQLP

exports[`Testing App Component render correctly 1`] = `ShallowWrapper {}`;
