// Jest Snapshot v1, https://goo.gl/fbAQLP

exports[`Testing HomePage Component should render correctly 1`] = `ShallowWrapper {}`;
